Archive member included to satisfy reference by file (symbol)

F:/STM32CubeIDE_1.19.0/STM32CubeIDE/plugins/com.st.stm32cube.ide.mcu.externaltools.gnu-tools-for-stm32.13.3.rel1.win32_1.0.0.202411081344/tools/bin/../lib/gcc/arm-none-eabi/13.3.1/../../../../arm-none-eabi/lib/thumb/v7e-m+fp/hard\libc_nano.a(libc_a-exit.o)
                              F:/STM32CubeIDE_1.19.0/STM32CubeIDE/plugins/com.st.stm32cube.ide.mcu.externaltools.gnu-tools-for-stm32.13.3.rel1.win32_1.0.0.202411081344/tools/bin/../lib/gcc/arm-none-eabi/13.3.1/../../../../arm-none-eabi/lib/thumb/v7e-m+fp/hard/crt0.o (exit)
F:/STM32CubeIDE_1.19.0/STM32CubeIDE/plugins/com.st.stm32cube.ide.mcu.externaltools.gnu-tools-for-stm32.13.3.rel1.win32_1.0.0.202411081344/tools/bin/../lib/gcc/arm-none-eabi/13.3.1/../../../../arm-none-eabi/lib/thumb/v7e-m+fp/hard\libc_nano.a(libc_a-findfp.o)
                              F:/STM32CubeIDE_1.19.0/STM32CubeIDE/plugins/com.st.stm32cube.ide.mcu.externaltools.gnu-tools-for-stm32.13.3.rel1.win32_1.0.0.202411081344/tools/bin/../lib/gcc/arm-none-eabi/13.3.1/../../../../arm-none-eabi/lib/thumb/v7e-m+fp/hard\libc_nano.a(libc_a-exit.o) (__stdio_exit_handler)
F:/STM32CubeIDE_1.19.0/STM32CubeIDE/plugins/com.st.stm32cube.ide.mcu.externaltools.gnu-tools-for-stm32.13.3.rel1.win32_1.0.0.202411081344/tools/bin/../lib/gcc/arm-none-eabi/13.3.1/../../../../arm-none-eabi/lib/thumb/v7e-m+fp/hard\libc_nano.a(libc_a-fwalk.o)
                              F:/STM32CubeIDE_1.19.0/STM32CubeIDE/plugins/com.st.stm32cube.ide.mcu.externaltools.gnu-tools-for-stm32.13.3.rel1.win32_1.0.0.202411081344/tools/bin/../lib/gcc/arm-none-eabi/13.3.1/../../../../arm-none-eabi/lib/thumb/v7e-m+fp/hard\libc_nano.a(libc_a-findfp.o) (_fwalk_sglue)
F:/STM32CubeIDE_1.19.0/STM32CubeIDE/plugins/com.st.stm32cube.ide.mcu.externaltools.gnu-tools-for-stm32.13.3.rel1.win32_1.0.0.202411081344/tools/bin/../lib/gcc/arm-none-eabi/13.3.1/../../../../arm-none-eabi/lib/thumb/v7e-m+fp/hard\libc_nano.a(libc_a-stdio.o)
                              F:/STM32CubeIDE_1.19.0/STM32CubeIDE/plugins/com.st.stm32cube.ide.mcu.externaltools.gnu-tools-for-stm32.13.3.rel1.win32_1.0.0.202411081344/tools/bin/../lib/gcc/arm-none-eabi/13.3.1/../../../../arm-none-eabi/lib/thumb/v7e-m+fp/hard\libc_nano.a(libc_a-findfp.o) (__sread)
F:/STM32CubeIDE_1.19.0/STM32CubeIDE/plugins/com.st.stm32cube.ide.mcu.externaltools.gnu-tools-for-stm32.13.3.rel1.win32_1.0.0.202411081344/tools/bin/../lib/gcc/arm-none-eabi/13.3.1/../../../../arm-none-eabi/lib/thumb/v7e-m+fp/hard\libc_nano.a(libc_a-memset.o)
                              F:/STM32CubeIDE_1.19.0/STM32CubeIDE/plugins/com.st.stm32cube.ide.mcu.externaltools.gnu-tools-for-stm32.13.3.rel1.win32_1.0.0.202411081344/tools/bin/../lib/gcc/arm-none-eabi/13.3.1/../../../../arm-none-eabi/lib/thumb/v7e-m+fp/hard/crt0.o (memset)
F:/STM32CubeIDE_1.19.0/STM32CubeIDE/plugins/com.st.stm32cube.ide.mcu.externaltools.gnu-tools-for-stm32.13.3.rel1.win32_1.0.0.202411081344/tools/bin/../lib/gcc/arm-none-eabi/13.3.1/../../../../arm-none-eabi/lib/thumb/v7e-m+fp/hard\libc_nano.a(libc_a-closer.o)
                              F:/STM32CubeIDE_1.19.0/STM32CubeIDE/plugins/com.st.stm32cube.ide.mcu.externaltools.gnu-tools-for-stm32.13.3.rel1.win32_1.0.0.202411081344/tools/bin/../lib/gcc/arm-none-eabi/13.3.1/../../../../arm-none-eabi/lib/thumb/v7e-m+fp/hard\libc_nano.a(libc_a-stdio.o) (_close_r)
F:/STM32CubeIDE_1.19.0/STM32CubeIDE/plugins/com.st.stm32cube.ide.mcu.externaltools.gnu-tools-for-stm32.13.3.rel1.win32_1.0.0.202411081344/tools/bin/../lib/gcc/arm-none-eabi/13.3.1/../../../../arm-none-eabi/lib/thumb/v7e-m+fp/hard\libc_nano.a(libc_a-reent.o)
                              F:/STM32CubeIDE_1.19.0/STM32CubeIDE/plugins/com.st.stm32cube.ide.mcu.externaltools.gnu-tools-for-stm32.13.3.rel1.win32_1.0.0.202411081344/tools/bin/../lib/gcc/arm-none-eabi/13.3.1/../../../../arm-none-eabi/lib/thumb/v7e-m+fp/hard\libc_nano.a(libc_a-closer.o) (errno)
F:/STM32CubeIDE_1.19.0/STM32CubeIDE/plugins/com.st.stm32cube.ide.mcu.externaltools.gnu-tools-for-stm32.13.3.rel1.win32_1.0.0.202411081344/tools/bin/../lib/gcc/arm-none-eabi/13.3.1/../../../../arm-none-eabi/lib/thumb/v7e-m+fp/hard\libc_nano.a(libc_a-impure.o)
                              F:/STM32CubeIDE_1.19.0/STM32CubeIDE/plugins/com.st.stm32cube.ide.mcu.externaltools.gnu-tools-for-stm32.13.3.rel1.win32_1.0.0.202411081344/tools/bin/../lib/gcc/arm-none-eabi/13.3.1/../../../../arm-none-eabi/lib/thumb/v7e-m+fp/hard\libc_nano.a(libc_a-reent.o) (_impure_ptr)
F:/STM32CubeIDE_1.19.0/STM32CubeIDE/plugins/com.st.stm32cube.ide.mcu.externaltools.gnu-tools-for-stm32.13.3.rel1.win32_1.0.0.202411081344/tools/bin/../lib/gcc/arm-none-eabi/13.3.1/../../../../arm-none-eabi/lib/thumb/v7e-m+fp/hard\libc_nano.a(libc_a-lseekr.o)
[...]
Memory Configuration

Name             Origin             Length             Attributes
RAM              0x20000000         0x00020000         xrw
FLASH            0x08000000         0x00080000         xr
*default*        0x00000000         0xffffffff

Linker script and memory map

LOAD F:/STM32CubeIDE_1.19.0/STM32CubeIDE/plugins/com.st.stm32cube.ide.mcu.externaltools.gnu-tools-for-stm32.13.3.rel1.win32_1.0.0.202411081344/tools/bin/../lib/gcc/arm-none-eabi/13.3.1/thumb/v7e-m+fp/hard/crti.o
LOAD F:/STM32CubeIDE_1.19.0/STM32CubeIDE/plugins/com.st.stm32cube.ide.mcu.externaltools.gnu-tools-for-stm32.13.3.rel1.win32_1.0.0.202411081344/tools/bin/../lib/gcc/arm-none-eabi/13.3.1/thumb/v7e-m+fp/hard/crtbegin.o
LOAD F:/STM32CubeIDE_1.19.0/STM32CubeIDE/plugins/com.st.stm32cube.ide.mcu.externaltools.gnu-tools-for-stm32.13.3.rel1.win32_1.0.0.202411081344/tools/bin/../lib/gcc/arm-none-eabi/13.3.1/../../../../arm-none-eabi/lib/thumb/v7e-m+fp/hard/crt0.o
LOAD ./Src/exti.o
LOAD ./Src/gpio.o
LOAD ./Src/main.o
LOAD ./Src/sbc_lcd01.o
LOAD ./Src/spi.o
LOAD ./Src/spi_dma.o
LOAD ./Src/syscalls.o
LOAD ./Src/sysmem.o
LOAD ./Src/systick.o
LOAD ./Startup/startup_stm32f411retx.o
START GROUP
LOAD F:/STM32CubeIDE_1.19.0/STM32CubeIDE/plugins/com.st.stm32cube.ide.mcu.externaltools.gnu-tools-for-stm32.13.3.rel1.win32_1.0.0.202411081344/tools/bin/../lib/gcc/arm-none-eabi/13.3.1/../../../../arm-none-eabi/lib/thumb/v7e-m+fp/hard\libc_nano.a
LOAD F:/STM32CubeIDE_1.19.0/STM32CubeIDE/plugins/com.st.stm32cube.ide.mcu.externaltools.gnu-tools-for-stm32.13.3.rel1.win32_1.0.0.202411081344/tools/bin/../lib/gcc/arm-none-eabi/13.3.1/../../../../arm-none-eabi/lib/thumb/v7e-m+fp/hard\libm.a
END GROUP
START GROUP
LOAD F:/STM32CubeIDE_1.19.0/STM32CubeIDE/plugins/com.st.stm32cube.ide.mcu.externaltools.gnu-tools-for-stm32.13.3.rel1.win32_1.0.0.202411081344/tools/bin/../lib/gcc/arm-none-eabi/13.3.1/thumb/v7e-m+fp/hard\libgcc.a
LOAD F:/STM32CubeIDE_1.19.0/STM32CubeIDE/plugins/com.st.stm32cube.ide.mcu.externaltools.gnu-tools-for-stm32.13.3.rel1.win32_1.0.0.202411081344/tools/bin/../lib/gcc/arm-none-eabi/13.3.1/../../../../arm-none-eabi/lib/thumb/v7e-m+fp/hard\libc_nano.a
END GROUP
START GROUP
LOAD F:/STM32CubeIDE_1.19.0/STM32CubeIDE/plugins/com.st.stm32cube.ide.mcu.externaltools.gnu-tools-for-stm32.13.3.rel1.win32_1.0.0.202411081344/tools/bin/../lib/gcc/arm-none-eabi/13.3.1/thumb/v7e-m+fp/hard\libgcc.a
LOAD F:/STM32CubeIDE_1.19.0/STM32CubeIDE/plugins/com.st.stm32cube.ide.mcu.externaltools.gnu-tools-for-stm32.13.3.rel1.win32_1.0.0.202411081344/tools/bin/../lib/gcc/arm-none-eabi/13.3.1/../../../../arm-none-eabi/lib/thumb/v7e-m+fp/hard\libc_nano.a
LOAD F:/STM32CubeIDE_1.19.0/STM32CubeIDE/plugins/com.st.stm32cube.ide.mcu.externaltools.gnu-tools-for-stm32.13.3.rel1.win32_1.0.0.202411081344/tools/bin/../lib/gcc/arm-none-eabi/13.3.1/../../../../arm-none-eabi/lib/thumb/v7e-m+fp/hard\libnosys.a
END GROUP
START GROUP
LOAD F:/STM32CubeIDE_1.19.0/STM32CubeIDE/plugins/com.st.stm32cube.ide.mcu.externaltools.gnu-tools-for-stm32.13.3.rel1.win32_1.0.0.202411081344/tools/bin/../lib/gcc/arm-none-eabi/13.3.1/thumb/v7e-m+fp/hard\libgcc.a
LOAD F:/STM32CubeIDE_1.19.0/STM32CubeIDE/plugins/com.st.stm32cube.ide.mcu.externaltools.gnu-tools-for-stm32.13.3.rel1.win32_1.0.0.202411081344/tools/bin/../lib/gcc/arm-none-eabi/13.3.1/../../../../arm-none-eabi/lib/thumb/v7e-m+fp/hard\libc_nano.a
LOAD F:/STM32CubeIDE_1.19.0/STM32CubeIDE/plugins/com.st.stm32cube.ide.mcu.externaltools.gnu-tools-for-stm32.13.3.rel1.win32_1.0.0.202411081344/tools/bin/../lib/gcc/arm-none-eabi/13.3.1/../../../../arm-none-eabi/lib/thumb/v7e-m+fp/hard\libnosys.a
END GROUP
LOAD F:/STM32CubeIDE_1.19.0/STM32CubeIDE/plugins/com.st.stm32cube.ide.mcu.externaltools.gnu-tools-for-stm32.13.3.rel1.win32_1.0.0.202411081344/tools/bin/../lib/gcc/arm-none-eabi/13.3.1/thumb/v7e-m+fp/hard/crtend.o
LOAD F:/STM32CubeIDE_1.19.0/STM32CubeIDE/plugins/com.st.stm32cube.ide.mcu.externaltools.gnu-tools-for-stm32.13.3.rel1.win32_1.0.0.202411081344/tools/bin/../lib/gcc/arm-none-eabi/13.3.1/thumb/v7e-m+fp/hard/crtn.o
                0x20020000                        _estack = (ORIGIN (RAM) + LENGTH (RAM))
                0x00000200                        _Min_Heap_Size = 0x200
                0x00000400                        _Min_Stack_Size = 0x400

.isr_vector     0x08000000      0x198
                0x08000000                        . = ALIGN (0x4)
 *(.isr_vector)
 .isr_vector    0x08000000      0x198 ./Startup/startup_stm32f411retx.o
                0x08000000                g_pfnVectors
                0x08000198                        . = ALIGN (0x4)

.text           0x08000198      0xef4
                0x08000198                        . = ALIGN (0x4)
 *(.text)
 .text          0x08000198       0x40 F:/STM32CubeIDE_1.19.0/STM32CubeIDE/plugins/com.st.stm32cube.ide.mcu.externaltools.gnu-tools-for-stm32.13.3.rel1.win32_1.0.0.202411081344/tools/bin/../lib/gcc/arm-none-eabi/13.3.1/thumb/v7e-m+fp/hard/crtbegin.o
 .text          0x080001d8      0x378 F:/STM32CubeIDE_1.19.0/STM32CubeIDE/plugins/com.st.stm32cube.ide.mcu.externaltools.gnu-tools-for-stm32.13.3.rel1.win32_1.0.0.202411081344/tools/bin/../lib/gcc/arm-none-eabi/13.3.1/thumb/v7e-m+fp/hard\libgcc.a(_arm_addsubdf3.o)
                0x080001d8                __aeabi_drsub
                0x080001e0                __aeabi_dsub
                0x080001e0                __subdf3
                0x080001e4                __aeabi_dadd
                0x080001e4                __adddf3
                0x0800045c                __floatunsidf
                0x0800045c                __aeabi_ui2d
                0x0800047c                __floatsidf
                0x0800047c                __aeabi_i2d
                0x080004a0                __aeabi_f2d
                0x080004a0                __extendsfdf2
                0x080004e4                __floatundidf
                0x080004e4                __aeabi_ul2d
                0x080004f4                __floatdidf
                0x080004f4                __aeabi_l2d
 .text          0x08000550       0x40 F:/STM32CubeIDE_1.19.0/STM32CubeIDE/plugins/com.st.stm32cube.ide.mcu.externaltools.gnu-tools-for-stm32.13.3.rel1.win32_1.0.0.202411081344/tools/bin/../lib/gcc/arm-none-eabi/13.3.1/thumb/v7e-m+fp/hard\libgcc.a(_arm_fixunsdfsi.o)
                0x08000550                __aeabi_d2uiz
                0x08000550                __fixunsdfsi
 *(.text*)
 .text.__NVIC_EnableIRQ
                0x08000590       0x3c ./Src/exti.o
 .text.exti_init
                0x080005cc       0x54 ./Src/exti.o
                0x080005cc                exti_init
 .text.DMA2_Stream3_IRQHandler
                0x08000620       0x20 ./Src/exti.o
                0x08000620                DMA2_Stream3_IRQHandler
 .text.A0_init  0x08000640       0x3c ./Src/gpio.o
                0x08000640                A0_init
 .text.A0_on    0x0800067c       0x20 ./Src/gpio.o
                0x0800067c                A0_on
 .text.A0_off   0x0800069c       0x20 ./Src/gpio.o
                0x0800069c                A0_off
 .text.main     0x080006bc       0x36 ./Src/main.o
                0x080006bc                main
 .text.sendCommand
                0x080006f2       0x48 ./Src/sbc_lcd01.o
                0x080006f2                sendCommand
 .text.sendCommand16
                0x0800073a       0x48 ./Src/sbc_lcd01.o
                0x0800073a                sendCommand16
 *fill*         0x08000782        0x2 
 .text.sbc_lcd01_init
                0x08000784       0x6c ./Src/sbc_lcd01.o
                0x08000784                sbc_lcd01_init
 .text.displayInit
                0x080007f0       0x86 ./Src/sbc_lcd01.o
                0x080007f0                displayInit
 *fill*         0x08000876        0x2 
 .text.fullScreenColor
                0x08000878       0x5c ./Src/sbc_lcd01.o
                0x08000878                fullScreenColor
 .text.testScreen_16
                0x080008d4       0xec ./Src/sbc_lcd01.o
                0x080008d4                testScreen_16
 .text.displayReset
                0x080009c0       0x1a ./Src/sbc_lcd01.o
                0x080009c0                displayReset
 *fill*         0x080009da        0x2 
 .text.cs_enable
                0x080009dc       0x20 ./Src/sbc_lcd01.o
                0x080009dc                cs_enable
 .text.cs_disable
                0x080009fc       0x20 ./Src/sbc_lcd01.o
                0x080009fc                cs_disable
 .text.tft_dc_low
                0x08000a1c       0x20 ./Src/sbc_lcd01.o
                0x08000a1c                tft_dc_low
 .text.tft_dc_high
                0x08000a3c       0x20 ./Src/sbc_lcd01.o
                0x08000a3c                tft_dc_high
 .text.spi_gpio_init
                0x08000a5c      0x12c ./Src/spi.o
                0x08000a5c                spi_gpio_init
 .text.spi1_config
                0x08000b88       0xb4 ./Src/spi.o
                0x08000b88                spi1_config
 .text.spi1_transmit
                0x08000c3c       0x70 ./Src/spi.o
                0x08000c3c                spi1_transmit
 .text.spi1_transmit16
                0x08000cac       0x74 ./Src/spi.o
                0x08000cac                spi1_transmit16
 .text.spi1_DMA_enable
                0x08000d20       0x2c ./Src/spi.o
                0x08000d20                spi1_DMA_enable
 .text.spi1_set16
                0x08000d4c       0x20 ./Src/spi.o
                0x08000d4c                spi1_set16
 .text.spi_dma_init
                0x08000d6c      0x10c ./Src/spi_dma.o
                0x08000d6c                spi_dma_init
 .text.spi1_transmit_DMA
                0x08000e78       0x8c ./Src/spi_dma.o
                0x08000e78                spi1_transmit_DMA
 .text.systick_msec_delay
                0x08000f04       0x60 ./Src/systick.o
                0x08000f04                systick_msec_delay
 .text.systick_msec_sleep
                0x08000f64       0x58 ./Src/systick.o
                0x08000f64                systick_msec_sleep
 .text.SysTick_Handler
                0x08000fbc       0x1c ./Src/systick.o
                0x08000fbc                SysTick_Handler
 .text.Reset_Handler
                0x08000fd8       0x50 ./Startup/startup_stm32f411retx.o
                0x08000fd8                Reset_Handler
 .text.Default_Handler
                0x08001028        0x2 ./Startup/startup_stm32f411retx.o
                0x08001028                RTC_Alarm_IRQHandler
                0x08001028                EXTI2_IRQHandler
                0x08001028                DebugMon_Handler
                0x08001028                SPI4_IRQHandler
                0x08001028                TIM1_CC_IRQHandler
                0x08001028                DMA2_Stream5_IRQHandler
                0x08001028                HardFault_Handler
                0x08001028                DMA1_Stream5_IRQHandler
                0x08001028                PVD_IRQHandler
                0x08001028                SDIO_IRQHandler
                0x08001028                TAMP_STAMP_IRQHandler
                0x08001028                PendSV_Handler
                0x08001028                NMI_Handler
                0x08001028                EXTI3_IRQHandler
                0x08001028                TIM1_UP_TIM10_IRQHandler
                0x08001028                I2C3_ER_IRQHandler
                0x08001028                EXTI0_IRQHandler
                0x08001028                I2C2_EV_IRQHandler
                0x08001028                DMA1_Stream2_IRQHandler
                0x08001028                UsageFault_Handler
                0x08001028                DMA2_Stream2_IRQHandler
                0x08001028                SPI1_IRQHandler
                0x08001028                TIM1_BRK_TIM9_IRQHandler
                0x08001028                USART6_IRQHandler
                0x08001028                DMA2_Stream0_IRQHandler
                0x08001028                TIM4_IRQHandler
                0x08001028                I2C1_EV_IRQHandler
                0x08001028                DMA1_Stream6_IRQHandler
                0x08001028                DMA1_Stream1_IRQHandler
                0x08001028                TIM3_IRQHandler
                0x08001028                RCC_IRQHandler
                0x08001028                Default_Handler
                0x08001028                EXTI15_10_IRQHandler
                0x08001028                ADC_IRQHandler
                0x08001028                DMA1_Stream7_IRQHandler
                0x08001028                SPI5_IRQHandler
                0x08001028                TIM5_IRQHandler
                0x08001028                DMA2_Stream7_IRQHandler
                0x08001028                I2C3_EV_IRQHandler
                0x08001028                EXTI9_5_IRQHandler
                0x08001028                RTC_WKUP_IRQHandler
                0x08001028                SPI2_IRQHandler
                0x08001028                MemManage_Handler
                0x08001028                DMA1_Stream0_IRQHandler
                0x08001028                SVC_Handler
                0x08001028                EXTI4_IRQHandler
                0x08001028                WWDG_IRQHandler
                0x08001028                TIM2_IRQHandler
                0x08001028                OTG_FS_WKUP_IRQHandler
                0x08001028                TIM1_TRG_COM_TIM11_IRQHandler
                0x08001028                EXTI1_IRQHandler
                0x08001028                USART2_IRQHandler
                0x08001028                I2C2_ER_IRQHandler
                0x08001028                DMA2_Stream1_IRQHandler
                0x08001028                FLASH_IRQHandler
                0x08001028                DMA2_Stream4_IRQHandler
                0x08001028                BusFault_Handler
                0x08001028                USART1_IRQHandler
                0x08001028                OTG_FS_IRQHandler
                0x08001028                SPI3_IRQHandler
                0x08001028                DMA1_Stream4_IRQHandler
                0x08001028                I2C1_ER_IRQHandler
                0x08001028                DMA2_Stream6_IRQHandler
                0x08001028                DMA1_Stream3_IRQHandler
 *fill*         0x0800102a        0x2 
 .text.__libc_init_array
                0x0800102c       0x48 F:/STM32CubeIDE_1.19.0/STM32CubeIDE/plugins/com.st.stm32cube.ide.mcu.externaltools.gnu-tools-for-stm32.13.3.rel1.win32_1.0.0.202411081344/tools/bin/../lib/gcc/arm-none-eabi/13.3.1/../../../../arm-none-eabi/lib/thumb/v7e-m+fp/hard\libc_nano.a(libc_a-init.o)
                0x0800102c                __libc_init_array
 *(.glue_7)
 .glue_7        0x08001074        0x0 linker stubs
 *(.glue_7t)
 .glue_7t       0x08001074        0x0 linker stubs
 *(.eh_frame)
 .eh_frame      0x08001074        0x0 F:/STM32CubeIDE_1.19.0/STM32CubeIDE/plugins/com.st.stm32cube.ide.mcu.externaltools.gnu-tools-for-stm32.13.3.rel1.win32_1.0.0.202411081344/tools/bin/../lib/gcc/arm-none-eabi/13.3.1/thumb/v7e-m+fp/hard/crtbegin.o
 *(.init)
 .init          0x08001074        0x4 F:/STM32CubeIDE_1.19.0/STM32CubeIDE/plugins/com.st.stm32cube.ide.mcu.externaltools.gnu-tools-for-stm32.13.3.rel1.win32_1.0.0.202411081344/tools/bin/../lib/gcc/arm-none-eabi/13.3.1/thumb/v7e-m+fp/hard/crti.o
                0x08001074                _init
 .init          0x08001078        0x8 F:/STM32CubeIDE_1.19.0/STM32CubeIDE/plugins/com.st.stm32cube.ide.mcu.externaltools.gnu-tools-for-stm32.13.3.rel1.win32_1.0.0.202411081344/tools/bin/../lib/gcc/arm-none-eabi/13.3.1/thumb/v7e-m+fp/hard/crtn.o
 *(.fini)
 .fini          0x08001080        0x4 F:/STM32CubeIDE_1.19.0/STM32CubeIDE/plugins/com.st.stm32cube.ide.mcu.externaltools.gnu-tools-for-stm32.13.3.rel1.win32_1.0.0.202411081344/tools/bin/../lib/gcc/arm-none-eabi/13.3.1/thumb/v7e-m+fp/hard/crti.o
                0x08001080                _fini
 .fini          0x08001084        0x8 F:/STM32CubeIDE_1.19.0/STM32CubeIDE/plugins/com.st.stm32cube.ide.mcu.externaltools.gnu-tools-for-stm32.13.3.rel1.win32_1.0.0.202411081344/tools/bin/../lib/gcc/arm-none-eabi/13.3.1/thumb/v7e-m+fp/hard/crtn.o
                0x0800108c                        . = ALIGN (0x4)
                0x0800108c                        _etext = .

.vfp11_veneer   0x0800108c        0x0
 .vfp11_veneer  0x0800108c        0x0 linker stubs

.v4_bx          0x0800108c        0x0
 .v4_bx         0x0800108c        0x0 linker stubs

.iplt           0x0800108c        0x0
 .iplt          0x0800108c        0x0 F:/STM32CubeIDE_1.19.0/STM32CubeIDE/plugins/com.st.stm32cube.ide.mcu.externaltools.gnu-tools-for-stm32.13.3.rel1.win32_1.0.0.202411081344/tools/bin/../lib/gcc/arm-none-eabi/13.3.1/thumb/v7e-m+fp/hard/crtbegin.o

.rodata         0x0800108c       0x24
                0x0800108c                        . = ALIGN (0x4)
 *(.rodata)
 *(.rodata*)
 .rodata.generic_st7789
                0x0800108c       0x23 ./Src/sbc_lcd01.o
                0x080010b0                        . = ALIGN (0x4)
 *fill*         0x080010af        0x1 

.ARM.extab      0x080010b0        0x0
                0x080010b0                        . = ALIGN (0x4)
 *(.ARM.extab* .gnu.linkonce.armextab.*)
                0x080010b0                        . = ALIGN (0x4)

.ARM            0x080010b0        0x0
                0x080010b0                        . = ALIGN (0x4)
                0x080010b0                        __exidx_start = .
 *(.ARM.exidx*)
                0x080010b0                        __exidx_end = .
                0x080010b0                        . = ALIGN (0x4)

.preinit_array  0x080010b0        0x0
                0x080010b0                        . = ALIGN (0x4)
                0x080010b0                        PROVIDE (__preinit_array_start = .)
 *(.preinit_array*)
                0x080010b0                        PROVIDE (__preinit_array_end = .)
                0x080010b0                        . = ALIGN (0x4)

.init_array     0x080010b0        0x4
                0x080010b0                        . = ALIGN (0x4)
                0x080010b0                        PROVIDE (__init_array_start = .)
 *(SORT_BY_NAME(.init_array.*))
 *(.init_array*)
 .init_array    0x080010b0        0x4 F:/STM32CubeIDE_1.19.0/STM32CubeIDE/plugins/com.st.stm32cube.ide.mcu.externaltools.gnu-tools-for-stm32.13.3.rel1.win32_1.0.0.202411081344/tools/bin/../lib/gcc/arm-none-eabi/13.3.1/thumb/v7e-m+fp/hard/crtbegin.o
                0x080010b4                        PROVIDE (__init_array_end = .)
                0x080010b4                        . = ALIGN (0x4)

.fini_array     0x080010b4        0x4
                0x080010b4                        . = ALIGN (0x4)
                [!provide]                        PROVIDE (__fini_array_start = .)
 *(SORT_BY_NAME(.fini_array.*))
 *(.fini_array*)
 .fini_array    0x080010b4        0x4 F:/STM32CubeIDE_1.19.0/STM32CubeIDE/plugins/com.st.stm32cube.ide.mcu.externaltools.gnu-tools-for-stm32.13.3.rel1.win32_1.0.0.202411081344/tools/bin/../lib/gcc/arm-none-eabi/13.3.1/thumb/v7e-m+fp/hard/crtbegin.o
                [!provide]                        PROVIDE (__fini_array_end = .)
                0x080010b8                        . = ALIGN (0x4)
                0x080010b8                        _sidata = LOADADDR (.data)

.rel.dyn        0x080010b8        0x0
 .rel.iplt      0x080010b8        0x0 F:/STM32CubeIDE_1.19.0/STM32CubeIDE/plugins/com.st.stm32cube.ide.mcu.externaltools.gnu-tools-for-stm32.13.3.rel1.win32_1.0.0.202411081344/tools/bin/../lib/gcc/arm-none-eabi/13.3.1/thumb/v7e-m+fp/hard/crtbegin.o

.data           0x20000000        0x0 load address 0x080010b8
                0x20000000                        . = ALIGN (0x4)
                0x20000000                        _sdata = .
 *(.data)
 *(.data*)
 *(.RamFunc)
 *(.RamFunc*)
                0x20000000                        . = ALIGN (0x4)
                0x20000000                        _edata = .

.igot.plt       0x20000000        0x0 load address 0x080010b8
 .igot.plt      0x20000000        0x0 F:/STM32CubeIDE_1.19.0/STM32CubeIDE/plugins/com.st.stm32cube.ide.mcu.externaltools.gnu-tools-for-stm32.13.3.rel1.win32_1.0.0.202411081344/tools/bin/../lib/gcc/arm-none-eabi/13.3.1/thumb/v7e-m+fp/hard/crtbegin.o
                0x20000000                        . = ALIGN (0x4)

.bss            0x20000000      0x200 load address 0x080010b8
                0x20000000                        _sbss = .
                0x20000000                        __bss_start__ = _sbss
 *(.bss)
 .bss           0x20000000       0x1c F:/STM32CubeIDE_1.19.0/STM32CubeIDE/plugins/com.st.stm32cube.ide.mcu.externaltools.gnu-tools-for-stm32.13.3.rel1.win32_1.0.0.202411081344/tools/bin/../lib/gcc/arm-none-eabi/13.3.1/thumb/v7e-m+fp/hard/crtbegin.o
 *(.bss*)
 .bss.lineBuffer
                0x2000001c      0x1e0 ./Src/sbc_lcd01.o
 .bss.systick_ms
                0x200001fc        0x4 ./Src/systick.o
                0x200001fc                systick_ms
 *(COMMON)
                0x20000200                        . = ALIGN (0x4)
                0x20000200                        _ebss = .
                0x20000200                        __bss_end__ = _ebss

._user_heap_stack
                0x20000200      0x600 load address 0x080010b8
                0x20000200                        . = ALIGN (0x8)
                [!provide]                        PROVIDE (end = .)
                0x20000200                        PROVIDE (_end = .)
                0x20000400                        . = (. + _Min_Heap_Size)
 *fill*         0x20000200      0x200 
                0x20000800                        . = (. + _Min_Stack_Size)
 *fill*         0x20000400      0x400 
                0x20000800                        . = ALIGN (0x8)

/DISCARD/
 libc.a(*)
 libm.a(*)
 libgcc.a(*)

.ARM.attributes
                0x00000000       0x30
 *(.ARM.attributes)
 .ARM.attributes
                0x00000000       0x22 F:/STM32CubeIDE_1.19.0/STM32CubeIDE/plugins/com.st.stm32cube.ide.mcu.externaltools.gnu-tools-for-stm32.13.3.rel1.win32_1.0.0.202411081344/tools/bin/../lib/gcc/arm-none-eabi/13.3.1/thumb/v7e-m+fp/hard/crti.o
 .ARM.attributes
                0x00000022       0x34 F:/STM32CubeIDE_1.19.0/STM32CubeIDE/plugins/com.st.stm32cube.ide.mcu.externaltools.gnu-tools-for-stm32.13.3.rel1.win32_1.0.0.202411081344/tools/bin/../lib/gcc/arm-none-eabi/13.3.1/thumb/v7e-m+fp/hard/crtbegin.o
 .ARM.attributes
                0x00000056       0x34 ./Src/exti.o
 .ARM.attributes
                0x0000008a       0x34 ./Src/gpio.o
 .ARM.attributes
                0x000000be       0x34 ./Src/main.o
 .ARM.attributes
                0x000000f2       0x34 ./Src/sbc_lcd01.o
 .ARM.attributes
                0x00000126       0x34 ./Src/spi.o
 .ARM.attributes
                0x0000015a       0x34 ./Src/spi_dma.o
 .ARM.attributes
                0x0000018e       0x34 ./Src/systick.o
 .ARM.attributes
                0x000001c2       0x21 ./Startup/startup_stm32f411retx.o
 .ARM.attributes
                0x000001e3       0x34 F:/STM32CubeIDE_1.19.0/STM32CubeIDE/plugins/com.st.stm32cube.ide.mcu.externaltools.gnu-tools-for-stm32.13.3.rel1.win32_1.0.0.202411081344/tools/bin/../lib/gcc/arm-none-eabi/13.3.1/../../../../arm-none-eabi/lib/thumb/v7e-m+fp/hard\libc_nano.a(libc_a-init.o)
 .ARM.attributes
                0x00000217       0x22 F:/STM32CubeIDE_1.19.0/STM32CubeIDE/plugins/com.st.stm32cube.ide.mcu.externaltools.gnu-tools-for-stm32.13.3.rel1.win32_1.0.0.202411081344/tools/bin/../lib/gcc/arm-none-eabi/13.3.1/thumb/v7e-m+fp/hard\libgcc.a(_arm_addsubdf3.o)
 .ARM.attributes
                0x00000239       0x22 F:/STM32CubeIDE_1.19.0/STM32CubeIDE/plugins/com.st.stm32cube.ide.mcu.externaltools.gnu-tools-for-stm32.13.3.rel1.win32_1.0.0.202411081344/tools/bin/../lib/gcc/arm-none-eabi/13.3.1/thumb/v7e-m+fp/hard\libgcc.a(_arm_fixunsdfsi.o)
 .ARM.attributes
                0x0000025b       0x22 F:/STM32CubeIDE_1.19.0/STM32CubeIDE/plugins/com.st.stm32cube.ide.mcu.externaltools.gnu-tools-for-stm32.13.3.rel1.win32_1.0.0.202411081344/tools/bin/../lib/gcc/arm-none-eabi/13.3.1/thumb/v7e-m+fp/hard/crtn.o
OUTPUT(02012026_SBC_LCD01-F411.elf elf32-littlearm)
LOAD linker stubs
LOAD F:/STM32CubeIDE_1.19.0/STM32CubeIDE/plugins/com.st.stm32cube.ide.mcu.externaltools.gnu-tools-for-stm32.13.3.rel1.win32_1.0.0.202411081344/tools/bin/../lib/gcc/arm-none-eabi/13.3.1/../../../../arm-none-eabi/lib/thumb/v7e-m+fp/hard\libc.a
LOAD F:/STM32CubeIDE_1.19.0/STM32CubeIDE/plugins/com.st.stm32cube.ide.mcu.externaltools.gnu-tools-for-stm32.13.3.rel1.win32_1.0.0.202411081344/tools/bin/../lib/gcc/arm-none-eabi/13.3.1/../../../../arm-none-eabi/lib/thumb/v7e-m+fp/hard\libm.a
LOAD F:/STM32CubeIDE_1.19.0/STM32CubeIDE/plugins/com.st.stm32cube.ide.mcu.externaltools.gnu-tools-for-stm32.13.3.rel1.win32_1.0.0.202411081344/tools/bin/../lib/gcc/arm-none-eabi/13.3.1/thumb/v7e-m+fp/hard\libgcc.a

.debug_info     0x00000000     0x1b3b
 .debug_info    0x00000000      0x6dc ./Src/exti.o
 .debug_info    0x000006dc      0x363 ./Src/gpio.o
 .debug_info    0x00000a3f      0x160 ./Src/main.o
 .debug_info    0x00000b9f      0x47e ./Src/sbc_lcd01.o
 .debug_info    0x0000101d      0x4df ./Src/spi.o
 .debug_info    0x000014fc      0x424 ./Src/spi_dma.o
 .debug_info    0x00001920      0x1eb ./Src/systick.o
 .debug_info    0x00001b0b       0x30 ./Startup/startup_stm32f411retx.o

.debug_abbrev   0x00000000      0x8c6
 .debug_abbrev  0x00000000      0x1b3 ./Src/exti.o
 .debug_abbrev  0x000001b3       0xd2 ./Src/gpio.o
 .debug_abbrev  0x00000285       0xc8 ./Src/main.o
 .debug_abbrev  0x0000034d      0x1a6 ./Src/sbc_lcd01.o
 .debug_abbrev  0x000004f3      0x11a ./Src/spi.o
 .debug_abbrev  0x0000060d      0x14f ./Src/spi_dma.o
 .debug_abbrev  0x0000075c      0x146 ./Src/systick.o
 .debug_abbrev  0x000008a2       0x24 ./Startup/startup_stm32f411retx.o

.debug_aranges  0x00000000      0x1f0
 .debug_aranges
                0x00000000       0x30 ./Src/exti.o
 .debug_aranges
                0x00000030       0x58 ./Src/gpio.o
 .debug_aranges
                0x00000088       0x20 ./Src/main.o
 .debug_aranges
                0x000000a8       0x70 ./Src/sbc_lcd01.o
 .debug_aranges
                0x00000118       0x50 ./Src/spi.o
 .debug_aranges
                0x00000168       0x28 ./Src/spi_dma.o
 .debug_aranges
                0x00000190       0x38 ./Src/systick.o
 .debug_aranges
                0x000001c8       0x28 ./Startup/startup_stm32f411retx.o

.debug_rnglists
                0x00000000      0x152
 .debug_rnglists
                0x00000000       0x1f ./Src/exti.o
 .debug_rnglists
                0x0000001f       0x3d ./Src/gpio.o
 .debug_rnglists
                0x0000005c       0x13 ./Src/main.o
 .debug_rnglists
                0x0000006f       0x51 ./Src/sbc_lcd01.o
 .debug_rnglists
                0x000000c0       0x39 ./Src/spi.o
 .debug_rnglists
                0x000000f9       0x1b ./Src/spi_dma.o
 .debug_rnglists
                0x00000114       0x25 ./Src/systick.o
 .debug_rnglists
                0x00000139       0x19 ./Startup/startup_stm32f411retx.o

.debug_macro    0x00000000     0xf5ef
 .debug_macro   0x00000000       0xea ./Src/exti.o
 .debug_macro   0x000000ea      0xaf6 ./Src/exti.o
 .debug_macro   0x00000be0       0x22 ./Src/exti.o
 .debug_macro   0x00000c02       0x8e ./Src/exti.o
 .debug_macro   0x00000c90       0x51 ./Src/exti.o
 .debug_macro   0x00000ce1      0x103 ./Src/exti.o
 .debug_macro   0x00000de4       0x6a ./Src/exti.o
 .debug_macro   0x00000e4e      0x1df ./Src/exti.o
 .debug_macro   0x0000102d       0x28 ./Src/exti.o
 .debug_macro   0x00001055       0x28 ./Src/exti.o
 .debug_macro   0x0000107d       0x1c ./Src/exti.o
 .debug_macro   0x00001099       0x22 ./Src/exti.o
 .debug_macro   0x000010bb       0xfb ./Src/exti.o
 .debug_macro   0x000011b6     0x1011 ./Src/exti.o
 .debug_macro   0x000021c7      0x11f ./Src/exti.o
 .debug_macro   0x000022e6     0xb953 ./Src/exti.o
 .debug_macro   0x0000dc39       0x6d ./Src/exti.o
 .debug_macro   0x0000dca6      0x10b ./Src/gpio.o
 .debug_macro   0x0000ddb1       0x22 ./Src/gpio.o
 .debug_macro   0x0000ddd3      0x222 ./Src/main.o
 .debug_macro   0x0000dff5       0x28 ./Src/main.o
 .debug_macro   0x0000e01d       0x61 ./Src/main.o
 .debug_macro   0x0000e07e       0x2a ./Src/main.o
 .debug_macro   0x0000e0a8       0x43 ./Src/main.o
 .debug_macro   0x0000e0eb       0x34 ./Src/main.o
 .debug_macro   0x0000e11f       0x16 ./Src/main.o
 .debug_macro   0x0000e135       0x9e ./Src/main.o
 .debug_macro   0x0000e1d3      0x370 ./Src/main.o
 .debug_macro   0x0000e543      0x112 ./Src/main.o
 .debug_macro   0x0000e655       0x10 ./Src/main.o
 .debug_macro   0x0000e665       0x16 ./Src/main.o
 .debug_macro   0x0000e67b       0x4a ./Src/main.o
 .debug_macro   0x0000e6c5       0x34 ./Src/main.o
 .debug_macro   0x0000e6f9       0x10 ./Src/main.o
 .debug_macro   0x0000e709       0x58 ./Src/main.o
 .debug_macro   0x0000e761       0x8e ./Src/main.o
 .debug_macro   0x0000e7ef       0x1c ./Src/main.o
 .debug_macro   0x0000e80b      0x185 ./Src/main.o
 .debug_macro   0x0000e990       0x16 ./Src/main.o
 .debug_macro   0x0000e9a6       0x16 ./Src/main.o
 .debug_macro   0x0000e9bc      0x146 ./Src/main.o
 .debug_macro   0x0000eb02      0x19b ./Src/main.o
 .debug_macro   0x0000ec9d       0x10 ./Src/main.o
 .debug_macro   0x0000ecad       0x94 ./Src/main.o
 .debug_macro   0x0000ed41      0x21e ./Src/sbc_lcd01.o
 .debug_macro   0x0000ef5f      0x216 ./Src/spi.o
 .debug_macro   0x0000f175      0x24a ./Src/spi_dma.o
 .debug_macro   0x0000f3bf      0x230 ./Src/systick.o

.debug_line     0x00000000     0x3631
 .debug_line    0x00000000      0x5ce ./Src/exti.o
 .debug_line    0x000005ce      0x640 ./Src/gpio.o
 .debug_line    0x00000c0e      0x703 ./Src/main.o
 .debug_line    0x00001311      0x90a ./Src/sbc_lcd01.o
 .debug_line    0x00001c1b      0x9d8 ./Src/spi.o
 .debug_line    0x000025f3      0x7ed ./Src/spi_dma.o
 .debug_line    0x00002de0      0x7d6 ./Src/systick.o
 .debug_line    0x000035b6       0x7b ./Startup/startup_stm32f411retx.o

.debug_str      0x00000000    0x54c89
 .debug_str     0x00000000    0x54c89 ./Src/exti.o
                              0x503e8 (size before relaxing)
 .debug_str     0x00054c89    0x50050 ./Src/gpio.o
 .debug_str     0x00054c89    0x544ba ./Src/main.o
 .debug_str     0x00054c89    0x5462f ./Src/sbc_lcd01.o
 .debug_str     0x00054c89    0x5463e ./Src/spi.o
 .debug_str     0x00054c89    0x546c4 ./Src/spi_dma.o
 .debug_str     0x00054c89    0x54540 ./Src/systick.o
 .debug_str     0x00054c89       0x8a ./Startup/startup_stm32f411retx.o

.comment        0x00000000       0x43
 .comment       0x00000000       0x43 ./Src/exti.o
                                 0x44 (size before relaxing)
 .comment       0x00000043       0x44 ./Src/gpio.o
 .comment       0x00000043       0x44 ./Src/main.o
 .comment       0x00000043       0x44 ./Src/sbc_lcd01.o
 .comment       0x00000043       0x44 ./Src/spi.o
 .comment       0x00000043       0x44 ./Src/spi_dma.o
 .comment       0x00000043       0x44 ./Src/systick.o

.debug_frame    0x00000000      0x634
 .debug_frame   0x00000000       0x74 ./Src/exti.o
 .debug_frame   0x00000074      0x110 ./Src/gpio.o
 .debug_frame   0x00000184       0x2c ./Src/main.o
 .debug_frame   0x000001b0      0x184 ./Src/sbc_lcd01.o
 .debug_frame   0x00000334      0x108 ./Src/spi.o
 .debug_frame   0x0000043c       0x5c ./Src/spi_dma.o
 .debug_frame   0x00000498       0xa0 ./Src/systick.o
 .debug_frame   0x00000538       0x2c F:/STM32CubeIDE_1.19.0/STM32CubeIDE/plugins/com.st.stm32cube.ide.mcu.externaltools.gnu-tools-for-stm32.13.3.rel1.win32_1.0.0.202411081344/tools/bin/../lib/gcc/arm-none-eabi/13.3.1/../../../../arm-none-eabi/lib/thumb/v7e-m+fp/hard\libc_nano.a(libc_a-init.o)
 .debug_frame   0x00000564       0xac F:/STM32CubeIDE_1.19.0/STM32CubeIDE/plugins/com.st.stm32cube.ide.mcu.externaltools.gnu-tools-for-stm32.13.3.rel1.win32_1.0.0.202411081344/tools/bin/../lib/gcc/arm-none-eabi/13.3.1/thumb/v7e-m+fp/hard\libgcc.a(_arm_addsubdf3.o)
 .debug_frame   0x00000610       0x24 F:/STM32CubeIDE_1.19.0/STM32CubeIDE/plugins/com.st.stm32cube.ide.mcu.externaltools.gnu-tools-for-stm32.13.3.rel1.win32_1.0.0.202411081344/tools/bin/../lib/gcc/arm-none-eabi/13.3.1/thumb/v7e-m+fp/hard\libgcc.a(_arm_fixunsdfsi.o)

.debug_line_str
                0x00000000       0x6e
 .debug_line_str
                0x00000000       0x6e ./Startup/startup_stm32f411retx.o
