Archive member included to satisfy reference by file (symbol)

F:/STM32CubeIDE_1.19.0/STM32CubeIDE/plugins/com.st.stm32cube.ide.mcu.externaltools.gnu-tools-for-stm32.13.3.rel1.win32_1.0.0.202411081344/tools/bin/../lib/gcc/arm-none-eabi/13.3.1/../../../../arm-none-eabi/lib/thumb/v7e-m+fp/hard\libc_nano.a(libc_a-exit.o)
                              F:/STM32CubeIDE_1.19.0/STM32CubeIDE/plugins/com.st.stm32cube.ide.mcu.externaltools.gnu-tools-for-stm32.13.3.rel1.win32_1.0.0.202411081344/tools/bin/../lib/gcc/arm-none-eabi/13.3.1/../../../../arm-none-eabi/lib/thumb/v7e-m+fp/hard/crt0.o (exit)
F:/STM32CubeIDE_1.19.0/STM32CubeIDE/plugins/com.st.stm32cube.ide.mcu.externaltools.gnu-tools-for-stm32.13.3.rel1.win32_1.0.0.202411081344/tools/bin/../lib/gcc/arm-none-eabi/13.3.1/../../../../arm-none-eabi/lib/thumb/v7e-m+fp/hard\libc_nano.a(libc_a-findfp.o)
                              F:/STM32CubeIDE_1.19.0/STM32CubeIDE/plugins/com.st.stm32cube.ide.mcu.externaltools.gnu-tools-for-stm32.13.3.rel1.win32_1.0.0.202411081344/tools/bin/../lib/gcc/arm-none-eabi/13.3.1/../../../../arm-none-eabi/lib/thumb/v7e-m+fp/hard\libc_nano.a(libc_a-exit.o) (__stdio_exit_handler)
F:/STM32CubeIDE_1.19.0/STM32CubeIDE/plugins/com.st.stm32cube.ide.mcu.externaltools.gnu-tools-for-stm32.13.3.rel1.win32_1.0.0.202411081344/tools/bin/../lib/gcc/arm-none-eabi/13.3.1/../../../../arm-none-eabi/lib/thumb/v7e-m+fp/hard\libc_nano.a(libc_a-fwalk.o)
                              F:/STM32CubeIDE_1.19.0/STM32CubeIDE/plugins/com.st.stm32cube.ide.mcu.externaltools.gnu-tools-for-stm32.13.3.rel1.win32_1.0.0.202411081344/tools/bin/../lib/gcc/arm-none-eabi/13.3.1/../../../../arm-none-eabi/lib/thumb/v7e-m+fp/hard\libc_nano.a(libc_a-findfp.o) (_fwalk_sglue)
F:/STM32CubeIDE_1.19.0/STM32CubeIDE/plugins/com.st.stm32cube.ide.mcu.externaltools.gnu-tools-for-stm32.13.3.rel1.win32_1.0.0.202411081344/tools/bin/../lib/gcc/arm-none-eabi/13.3.1/../../../../arm-none-eabi/lib/thumb/v7e-m+fp/hard\libc_nano.a(libc_a-stdio.o)
                              F:/STM32CubeIDE_1.19.0/STM32CubeIDE/plugins/com.st.stm32cube.ide.mcu.externaltools.gnu-tools-for-stm32.13.3.rel1.win32_1.0.0.202411081344/tools/bin/../lib/gcc/arm-none-eabi/13.3.1/../../../../arm-none-eabi/lib/thumb/v7e-m+fp/hard\libc_nano.a(libc_a-findfp.o) (__sread)
F:/STM32CubeIDE_1.19.0/STM32CubeIDE/plugins/com.st.stm32cube.ide.mcu.externaltools.gnu-tools-for-stm32.13.3.rel1.win32_1.0.0.202411081344/tools/bin/../lib/gcc/arm-none-eabi/13.3.1/../../../../arm-none-eabi/lib/thumb/v7e-m+fp/hard\libc_nano.a(libc_a-memset.o)
                              F:/STM32CubeIDE_1.19.0/STM32CubeIDE/plugins/com.st.stm32cube.ide.mcu.externaltools.gnu-tools-for-stm32.13.3.rel1.win32_1.0.0.202411081344/tools/bin/../lib/gcc/arm-none-eabi/13.3.1/../../../../arm-none-eabi/lib/thumb/v7e-m+fp/hard/crt0.o (memset)
F:/STM32CubeIDE_1.19.0/STM32CubeIDE/plugins/com.st.stm32cube.ide.mcu.externaltools.gnu-tools-for-stm32.13.3.rel1.win32_1.0.0.202411081344/tools/bin/../lib/gcc/arm-none-eabi/13.3.1/../../../../arm-none-eabi/lib/thumb/v7e-m+fp/hard\libc_nano.a(libc_a-closer.o)
                              F:/STM32CubeIDE_1.19.0/STM32CubeIDE/plugins/com.st.stm32cube.ide.mcu.externaltools.gnu-tools-for-stm32.13.3.rel1.win32_1.0.0.202411081344/tools/bin/../lib/gcc/arm-none-eabi/13.3.1/../../../../arm-none-eabi/lib/thumb/v7e-m+fp/hard\libc_nano.a(libc_a-stdio.o) (_close_r)
F:/STM32CubeIDE_1.19.0/STM32CubeIDE/plugins/com.st.stm32cube.ide.mcu.externaltools.gnu-tools-for-stm32.13.3.rel1.win32_1.0.0.202411081344/tools/bin/../lib/gcc/arm-none-eabi/13.3.1/../../../../arm-none-eabi/lib/thumb/v7e-m+fp/hard\libc_nano.a(libc_a-reent.o)
                              F:/STM32CubeIDE_1.19.0/STM32CubeIDE/plugins/com.st.stm32cube.ide.mcu.externaltools.gnu-tools-for-stm32.13.3.rel1.win32_1.0.0.202411081344/tools/bin/../lib/gcc/arm-none-eabi/13.3.1/../../../../arm-none-eabi/lib/thumb/v7e-m+fp/hard\libc_nano.a(libc_a-closer.o) (errno)
F:/STM32CubeIDE_1.19.0/STM32CubeIDE/plugins/com.st.stm32cube.ide.mcu.externaltools.gnu-tools-for-stm32.13.3.rel1.win32_1.0.0.202411081344/tools/bin/../lib/gcc/arm-none-eabi/13.3.1/../../../../arm-none-eabi/lib/thumb/v7e-m+fp/hard\libc_nano.a(libc_a-impure.o)
                              F:/STM32CubeIDE_1.19.0/STM32CubeIDE/plugins/com.st.stm32cube.ide.mcu.externaltools.gnu-tools-for-stm32.13.3.rel1.win32_1.0.0.202411081344/tools/bin/../lib/gcc/arm-none-eabi/13.3.1/../../../../arm-none-eabi/lib/thumb/v7e-m+fp/hard\libc_nano.a(libc_a-reent.o) (_impure_ptr)
F:/STM32CubeIDE_1.19.0/STM32CubeIDE/plugins/com.st.stm32cube.ide.mcu.externaltools.gnu-tools-for-stm32.13.3.rel1.win32_1.0.0.202411081344/tools/bin/../lib/gcc/arm-none-eabi/13.3.1/../../../../arm-none-eabi/lib/thumb/v7e-m+fp/hard\libc_nano.a(libc_a-lseekr.o)
[...]
Memory Configuration

Name             Origin             Length             Attributes
RAM              0x20000000         0x00020000         xrw
FLASH            0x08000000         0x00080000         xr
*default*        0x00000000         0xffffffff

Linker script and memory map

LOAD F:/STM32CubeIDE_1.19.0/STM32CubeIDE/plugins/com.st.stm32cube.ide.mcu.externaltools.gnu-tools-for-stm32.13.3.rel1.win32_1.0.0.202411081344/tools/bin/../lib/gcc/arm-none-eabi/13.3.1/thumb/v7e-m+fp/hard/crti.o
LOAD F:/STM32CubeIDE_1.19.0/STM32CubeIDE/plugins/com.st.stm32cube.ide.mcu.externaltools.gnu-tools-for-stm32.13.3.rel1.win32_1.0.0.202411081344/tools/bin/../lib/gcc/arm-none-eabi/13.3.1/thumb/v7e-m+fp/hard/crtbegin.o
LOAD F:/STM32CubeIDE_1.19.0/STM32CubeIDE/plugins/com.st.stm32cube.ide.mcu.externaltools.gnu-tools-for-stm32.13.3.rel1.win32_1.0.0.202411081344/tools/bin/../lib/gcc/arm-none-eabi/13.3.1/../../../../arm-none-eabi/lib/thumb/v7e-m+fp/hard/crt0.o
LOAD ./Src/exti.o
LOAD ./Src/gpio.o
LOAD ./Src/main.o
LOAD ./Src/myGFX.o
LOAD ./Src/sbc_lcd01.o
LOAD ./Src/spi.o
LOAD ./Src/spi_dma.o
LOAD ./Src/syscalls.o
LOAD ./Src/sysmem.o
LOAD ./Src/systick.o
LOAD ./Startup/startup_stm32f411retx.o
START GROUP
LOAD F:/STM32CubeIDE_1.19.0/STM32CubeIDE/plugins/com.st.stm32cube.ide.mcu.externaltools.gnu-tools-for-stm32.13.3.rel1.win32_1.0.0.202411081344/tools/bin/../lib/gcc/arm-none-eabi/13.3.1/../../../../arm-none-eabi/lib/thumb/v7e-m+fp/hard\libc_nano.a
LOAD F:/STM32CubeIDE_1.19.0/STM32CubeIDE/plugins/com.st.stm32cube.ide.mcu.externaltools.gnu-tools-for-stm32.13.3.rel1.win32_1.0.0.202411081344/tools/bin/../lib/gcc/arm-none-eabi/13.3.1/../../../../arm-none-eabi/lib/thumb/v7e-m+fp/hard\libm.a
END GROUP
START GROUP
LOAD F:/STM32CubeIDE_1.19.0/STM32CubeIDE/plugins/com.st.stm32cube.ide.mcu.externaltools.gnu-tools-for-stm32.13.3.rel1.win32_1.0.0.202411081344/tools/bin/../lib/gcc/arm-none-eabi/13.3.1/thumb/v7e-m+fp/hard\libgcc.a
LOAD F:/STM32CubeIDE_1.19.0/STM32CubeIDE/plugins/com.st.stm32cube.ide.mcu.externaltools.gnu-tools-for-stm32.13.3.rel1.win32_1.0.0.202411081344/tools/bin/../lib/gcc/arm-none-eabi/13.3.1/../../../../arm-none-eabi/lib/thumb/v7e-m+fp/hard\libc_nano.a
END GROUP
START GROUP
LOAD F:/STM32CubeIDE_1.19.0/STM32CubeIDE/plugins/com.st.stm32cube.ide.mcu.externaltools.gnu-tools-for-stm32.13.3.rel1.win32_1.0.0.202411081344/tools/bin/../lib/gcc/arm-none-eabi/13.3.1/thumb/v7e-m+fp/hard\libgcc.a
LOAD F:/STM32CubeIDE_1.19.0/STM32CubeIDE/plugins/com.st.stm32cube.ide.mcu.externaltools.gnu-tools-for-stm32.13.3.rel1.win32_1.0.0.202411081344/tools/bin/../lib/gcc/arm-none-eabi/13.3.1/../../../../arm-none-eabi/lib/thumb/v7e-m+fp/hard\libc_nano.a
LOAD F:/STM32CubeIDE_1.19.0/STM32CubeIDE/plugins/com.st.stm32cube.ide.mcu.externaltools.gnu-tools-for-stm32.13.3.rel1.win32_1.0.0.202411081344/tools/bin/../lib/gcc/arm-none-eabi/13.3.1/../../../../arm-none-eabi/lib/thumb/v7e-m+fp/hard\libnosys.a
END GROUP
START GROUP
LOAD F:/STM32CubeIDE_1.19.0/STM32CubeIDE/plugins/com.st.stm32cube.ide.mcu.externaltools.gnu-tools-for-stm32.13.3.rel1.win32_1.0.0.202411081344/tools/bin/../lib/gcc/arm-none-eabi/13.3.1/thumb/v7e-m+fp/hard\libgcc.a
LOAD F:/STM32CubeIDE_1.19.0/STM32CubeIDE/plugins/com.st.stm32cube.ide.mcu.externaltools.gnu-tools-for-stm32.13.3.rel1.win32_1.0.0.202411081344/tools/bin/../lib/gcc/arm-none-eabi/13.3.1/../../../../arm-none-eabi/lib/thumb/v7e-m+fp/hard\libc_nano.a
LOAD F:/STM32CubeIDE_1.19.0/STM32CubeIDE/plugins/com.st.stm32cube.ide.mcu.externaltools.gnu-tools-for-stm32.13.3.rel1.win32_1.0.0.202411081344/tools/bin/../lib/gcc/arm-none-eabi/13.3.1/../../../../arm-none-eabi/lib/thumb/v7e-m+fp/hard\libnosys.a
END GROUP
LOAD F:/STM32CubeIDE_1.19.0/STM32CubeIDE/plugins/com.st.stm32cube.ide.mcu.externaltools.gnu-tools-for-stm32.13.3.rel1.win32_1.0.0.202411081344/tools/bin/../lib/gcc/arm-none-eabi/13.3.1/thumb/v7e-m+fp/hard/crtend.o
LOAD F:/STM32CubeIDE_1.19.0/STM32CubeIDE/plugins/com.st.stm32cube.ide.mcu.externaltools.gnu-tools-for-stm32.13.3.rel1.win32_1.0.0.202411081344/tools/bin/../lib/gcc/arm-none-eabi/13.3.1/thumb/v7e-m+fp/hard/crtn.o
                0x20020000                        _estack = (ORIGIN (RAM) + LENGTH (RAM))
                0x00000200                        _Min_Heap_Size = 0x200
                0x00000400                        _Min_Stack_Size = 0x400

.isr_vector     0x08000000      0x198
                0x08000000                        . = ALIGN (0x4)
 *(.isr_vector)
 .isr_vector    0x08000000      0x198 ./Startup/startup_stm32f411retx.o
                0x08000000                g_pfnVectors
                0x08000198                        . = ALIGN (0x4)

.text           0x08000198     0x125c
                0x08000198                        . = ALIGN (0x4)
 *(.text)
 .text          0x08000198       0x40 F:/STM32CubeIDE_1.19.0/STM32CubeIDE/plugins/com.st.stm32cube.ide.mcu.externaltools.gnu-tools-for-stm32.13.3.rel1.win32_1.0.0.202411081344/tools/bin/../lib/gcc/arm-none-eabi/13.3.1/thumb/v7e-m+fp/hard/crtbegin.o
 .text          0x080001d8      0x378 F:/STM32CubeIDE_1.19.0/STM32CubeIDE/plugins/com.st.stm32cube.ide.mcu.externaltools.gnu-tools-for-stm32.13.3.rel1.win32_1.0.0.202411081344/tools/bin/../lib/gcc/arm-none-eabi/13.3.1/thumb/v7e-m+fp/hard\libgcc.a(_arm_addsubdf3.o)
                0x080001d8                __aeabi_drsub
                0x080001e0                __aeabi_dsub
                0x080001e0                __subdf3
                0x080001e4                __aeabi_dadd
                0x080001e4                __adddf3
                0x0800045c                __floatunsidf
                0x0800045c                __aeabi_ui2d
                0x0800047c                __floatsidf
                0x0800047c                __aeabi_i2d
                0x080004a0                __aeabi_f2d
                0x080004a0                __extendsfdf2
                0x080004e4                __floatundidf
                0x080004e4                __aeabi_ul2d
                0x080004f4                __floatdidf
                0x080004f4                __aeabi_l2d
 .text          0x08000550       0x40 F:/STM32CubeIDE_1.19.0/STM32CubeIDE/plugins/com.st.stm32cube.ide.mcu.externaltools.gnu-tools-for-stm32.13.3.rel1.win32_1.0.0.202411081344/tools/bin/../lib/gcc/arm-none-eabi/13.3.1/thumb/v7e-m+fp/hard\libgcc.a(_arm_fixunsdfsi.o)
                0x08000550                __aeabi_d2uiz
                0x08000550                __fixunsdfsi
 *(.text*)
 .text.__NVIC_EnableIRQ
                0x08000590       0x3c ./Src/exti.o
 .text.exti_init
                0x080005cc       0x54 ./Src/exti.o
                0x080005cc                exti_init
 .text.DMA2_Stream3_IRQHandler
                0x08000620       0x20 ./Src/exti.o
                0x08000620                DMA2_Stream3_IRQHandler
 .text.A0_init  0x08000640       0x3c ./Src/gpio.o
                0x08000640                A0_init
 .text.A0_on    0x0800067c       0x20 ./Src/gpio.o
                0x0800067c                A0_on
 .text.A0_off   0x0800069c       0x20 ./Src/gpio.o
                0x0800069c                A0_off
 .text.main     0x080006bc       0x94 ./Src/main.o
                0x080006bc                main
 .text.rectangle
                0x08000750       0x6c ./Src/myGFX.o
                0x08000750                rectangle
 .text.writeLetter
                0x080007bc      0x100 ./Src/myGFX.o
                0x080007bc                writeLetter
 .text.writeWord
                0x080008bc       0x74 ./Src/myGFX.o
                0x080008bc                writeWord
 .text.sendCommand
                0x08000930       0x50 ./Src/sbc_lcd01.o
                0x08000930                sendCommand
 .text.sendCommand16
                0x08000980       0x48 ./Src/sbc_lcd01.o
                0x08000980                sendCommand16
 .text.sbc_lcd01_init
                0x080009c8       0x6c ./Src/sbc_lcd01.o
                0x080009c8                sbc_lcd01_init
 .text.displayInit
                0x08000a34       0x86 ./Src/sbc_lcd01.o
                0x08000a34                displayInit
 *fill*         0x08000aba        0x2 
 .text.fullScreenColor
                0x08000abc       0x68 ./Src/sbc_lcd01.o
                0x08000abc                fullScreenColor
 .text.fillRectangle
                0x08000b24       0x58 ./Src/sbc_lcd01.o
                0x08000b24                fillRectangle
 .text.initAdressWindow
                0x08000b7c       0x8c ./Src/sbc_lcd01.o
                0x08000b7c                initAdressWindow
 .text.testScreen_16
                0x08000c08       0xec ./Src/sbc_lcd01.o
                0x08000c08                testScreen_16
 .text.displayReset
                0x08000cf4       0x1a ./Src/sbc_lcd01.o
                0x08000cf4                displayReset
 *fill*         0x08000d0e        0x2 
 .text.cs_enable
                0x08000d10       0x20 ./Src/sbc_lcd01.o
                0x08000d10                cs_enable
 .text.cs_disable
                0x08000d30       0x20 ./Src/sbc_lcd01.o
                0x08000d30                cs_disable
 .text.tft_dc_low
                0x08000d50       0x20 ./Src/sbc_lcd01.o
                0x08000d50                tft_dc_low
 .text.tft_dc_high
                0x08000d70       0x20 ./Src/sbc_lcd01.o
                0x08000d70                tft_dc_high
 .text.spi_gpio_init
                0x08000d90      0x12c ./Src/spi.o
                0x08000d90                spi_gpio_init
 .text.spi1_config
                0x08000ebc       0xb4 ./Src/spi.o
                0x08000ebc                spi1_config
 .text.spi1_transmit
                0x08000f70       0x7c ./Src/spi.o
                0x08000f70                spi1_transmit
 .text.spi1_transmit16
                0x08000fec       0x7c ./Src/spi.o
                0x08000fec                spi1_transmit16
 .text.spi1_DMA_enable
                0x08001068       0x2c ./Src/spi.o
                0x08001068                spi1_DMA_enable
 .text.spi1_set16
                0x08001094       0x20 ./Src/spi.o
                0x08001094                spi1_set16
 .text.spi1_set8
                0x080010b4       0x20 ./Src/spi.o
                0x080010b4                spi1_set8
 .text.spi_dma_init
                0x080010d4      0x10c ./Src/spi_dma.o
                0x080010d4                spi_dma_init
 .text.spi1_transmit_DMA
                0x080011e0       0x8c ./Src/spi_dma.o
                0x080011e0                spi1_transmit_DMA
 .text.systick_msec_delay
                0x0800126c       0x60 ./Src/systick.o
                0x0800126c                systick_msec_delay
 .text.systick_msec_sleep
                0x080012cc       0x58 ./Src/systick.o
                0x080012cc                systick_msec_sleep
 .text.SysTick_Handler
                0x08001324       0x1c ./Src/systick.o
                0x08001324                SysTick_Handler
 .text.Reset_Handler
                0x08001340       0x50 ./Startup/startup_stm32f411retx.o
                0x08001340                Reset_Handler
 .text.Default_Handler
                0x08001390        0x2 ./Startup/startup_stm32f411retx.o
                0x08001390                RTC_Alarm_IRQHandler
                0x08001390                EXTI2_IRQHandler
                0x08001390                DebugMon_Handler
                0x08001390                SPI4_IRQHandler
                0x08001390                TIM1_CC_IRQHandler
                0x08001390                DMA2_Stream5_IRQHandler
                0x08001390                HardFault_Handler
                0x08001390                DMA1_Stream5_IRQHandler
                0x08001390                PVD_IRQHandler
                0x08001390                SDIO_IRQHandler
                0x08001390                TAMP_STAMP_IRQHandler
                0x08001390                PendSV_Handler
                0x08001390                NMI_Handler
                0x08001390                EXTI3_IRQHandler
                0x08001390                TIM1_UP_TIM10_IRQHandler
                0x08001390                I2C3_ER_IRQHandler
                0x08001390                EXTI0_IRQHandler
                0x08001390                I2C2_EV_IRQHandler
                0x08001390                DMA1_Stream2_IRQHandler
                0x08001390                UsageFault_Handler
                0x08001390                DMA2_Stream2_IRQHandler
                0x08001390                SPI1_IRQHandler
                0x08001390                TIM1_BRK_TIM9_IRQHandler
                0x08001390                USART6_IRQHandler
                0x08001390                DMA2_Stream0_IRQHandler
                0x08001390                TIM4_IRQHandler
                0x08001390                I2C1_EV_IRQHandler
                0x08001390                DMA1_Stream6_IRQHandler
                0x08001390                DMA1_Stream1_IRQHandler
                0x08001390                TIM3_IRQHandler
                0x08001390                RCC_IRQHandler
                0x08001390                Default_Handler
                0x08001390                EXTI15_10_IRQHandler
                0x08001390                ADC_IRQHandler
                0x08001390                DMA1_Stream7_IRQHandler
                0x08001390                SPI5_IRQHandler
                0x08001390                TIM5_IRQHandler
                0x08001390                DMA2_Stream7_IRQHandler
                0x08001390                I2C3_EV_IRQHandler
                0x08001390                EXTI9_5_IRQHandler
                0x08001390                RTC_WKUP_IRQHandler
                0x08001390                SPI2_IRQHandler
                0x08001390                MemManage_Handler
                0x08001390                DMA1_Stream0_IRQHandler
                0x08001390                SVC_Handler
                0x08001390                EXTI4_IRQHandler
                0x08001390                WWDG_IRQHandler
                0x08001390                TIM2_IRQHandler
                0x08001390                OTG_FS_WKUP_IRQHandler
                0x08001390                TIM1_TRG_COM_TIM11_IRQHandler
                0x08001390                EXTI1_IRQHandler
                0x08001390                USART2_IRQHandler
                0x08001390                I2C2_ER_IRQHandler
                0x08001390                DMA2_Stream1_IRQHandler
                0x08001390                FLASH_IRQHandler
                0x08001390                DMA2_Stream4_IRQHandler
                0x08001390                BusFault_Handler
                0x08001390                USART1_IRQHandler
                0x08001390                OTG_FS_IRQHandler
                0x08001390                SPI3_IRQHandler
                0x08001390                DMA1_Stream4_IRQHandler
                0x08001390                I2C1_ER_IRQHandler
                0x08001390                DMA2_Stream6_IRQHandler
                0x08001390                DMA1_Stream3_IRQHandler
 *fill*         0x08001392        0x2 
 .text.__libc_init_array
                0x08001394       0x48 F:/STM32CubeIDE_1.19.0/STM32CubeIDE/plugins/com.st.stm32cube.ide.mcu.externaltools.gnu-tools-for-stm32.13.3.rel1.win32_1.0.0.202411081344/tools/bin/../lib/gcc/arm-none-eabi/13.3.1/../../../../arm-none-eabi/lib/thumb/v7e-m+fp/hard\libc_nano.a(libc_a-init.o)
                0x08001394                __libc_init_array
 *(.glue_7)
 .glue_7        0x080013dc        0x0 linker stubs
 *(.glue_7t)
 .glue_7t       0x080013dc        0x0 linker stubs
 *(.eh_frame)
 .eh_frame      0x080013dc        0x0 F:/STM32CubeIDE_1.19.0/STM32CubeIDE/plugins/com.st.stm32cube.ide.mcu.externaltools.gnu-tools-for-stm32.13.3.rel1.win32_1.0.0.202411081344/tools/bin/../lib/gcc/arm-none-eabi/13.3.1/thumb/v7e-m+fp/hard/crtbegin.o
 *(.init)
 .init          0x080013dc        0x4 F:/STM32CubeIDE_1.19.0/STM32CubeIDE/plugins/com.st.stm32cube.ide.mcu.externaltools.gnu-tools-for-stm32.13.3.rel1.win32_1.0.0.202411081344/tools/bin/../lib/gcc/arm-none-eabi/13.3.1/thumb/v7e-m+fp/hard/crti.o
                0x080013dc                _init
 .init          0x080013e0        0x8 F:/STM32CubeIDE_1.19.0/STM32CubeIDE/plugins/com.st.stm32cube.ide.mcu.externaltools.gnu-tools-for-stm32.13.3.rel1.win32_1.0.0.202411081344/tools/bin/../lib/gcc/arm-none-eabi/13.3.1/thumb/v7e-m+fp/hard/crtn.o
 *(.fini)
 .fini          0x080013e8        0x4 F:/STM32CubeIDE_1.19.0/STM32CubeIDE/plugins/com.st.stm32cube.ide.mcu.externaltools.gnu-tools-for-stm32.13.3.rel1.win32_1.0.0.202411081344/tools/bin/../lib/gcc/arm-none-eabi/13.3.1/thumb/v7e-m+fp/hard/crti.o
                0x080013e8                _fini
 .fini          0x080013ec        0x8 F:/STM32CubeIDE_1.19.0/STM32CubeIDE/plugins/com.st.stm32cube.ide.mcu.externaltools.gnu-tools-for-stm32.13.3.rel1.win32_1.0.0.202411081344/tools/bin/../lib/gcc/arm-none-eabi/13.3.1/thumb/v7e-m+fp/hard/crtn.o
                0x080013f4                        . = ALIGN (0x4)
                0x080013f4                        _etext = .

.vfp11_veneer   0x080013f4        0x0
 .vfp11_veneer  0x080013f4        0x0 linker stubs

.v4_bx          0x080013f4        0x0
 .v4_bx         0x080013f4        0x0 linker stubs

.iplt           0x080013f4        0x0
 .iplt          0x080013f4        0x0 F:/STM32CubeIDE_1.19.0/STM32CubeIDE/plugins/com.st.stm32cube.ide.mcu.externaltools.gnu-tools-for-stm32.13.3.rel1.win32_1.0.0.202411081344/tools/bin/../lib/gcc/arm-none-eabi/13.3.1/thumb/v7e-m+fp/hard/crtbegin.o

.rodata         0x080013f4      0x314
                0x080013f4                        . = ALIGN (0x4)
 *(.rodata)
 *(.rodata*)
 .rodata.oneWord.0
                0x080013f4       0x18 ./Src/main.o
 .rodata.font   0x0800140c      0x2d8 ./Src/myGFX.o
 .rodata.generic_st7789
                0x080016e4       0x23 ./Src/sbc_lcd01.o
                0x08001708                        . = ALIGN (0x4)
 *fill*         0x08001707        0x1 

.ARM.extab      0x08001708        0x0
                0x08001708                        . = ALIGN (0x4)
 *(.ARM.extab* .gnu.linkonce.armextab.*)
                0x08001708                        . = ALIGN (0x4)

.ARM            0x08001708        0x0
                0x08001708                        . = ALIGN (0x4)
                0x08001708                        __exidx_start = .
 *(.ARM.exidx*)
                0x08001708                        __exidx_end = .
                0x08001708                        . = ALIGN (0x4)

.preinit_array  0x08001708        0x0
                0x08001708                        . = ALIGN (0x4)
                0x08001708                        PROVIDE (__preinit_array_start = .)
 *(.preinit_array*)
                0x08001708                        PROVIDE (__preinit_array_end = .)
                0x08001708                        . = ALIGN (0x4)

.init_array     0x08001708        0x4
                0x08001708                        . = ALIGN (0x4)
                0x08001708                        PROVIDE (__init_array_start = .)
 *(SORT_BY_NAME(.init_array.*))
 *(.init_array*)
 .init_array    0x08001708        0x4 F:/STM32CubeIDE_1.19.0/STM32CubeIDE/plugins/com.st.stm32cube.ide.mcu.externaltools.gnu-tools-for-stm32.13.3.rel1.win32_1.0.0.202411081344/tools/bin/../lib/gcc/arm-none-eabi/13.3.1/thumb/v7e-m+fp/hard/crtbegin.o
                0x0800170c                        PROVIDE (__init_array_end = .)
                0x0800170c                        . = ALIGN (0x4)

.fini_array     0x0800170c        0x4
                0x0800170c                        . = ALIGN (0x4)
                [!provide]                        PROVIDE (__fini_array_start = .)
 *(SORT_BY_NAME(.fini_array.*))
 *(.fini_array*)
 .fini_array    0x0800170c        0x4 F:/STM32CubeIDE_1.19.0/STM32CubeIDE/plugins/com.st.stm32cube.ide.mcu.externaltools.gnu-tools-for-stm32.13.3.rel1.win32_1.0.0.202411081344/tools/bin/../lib/gcc/arm-none-eabi/13.3.1/thumb/v7e-m+fp/hard/crtbegin.o
                [!provide]                        PROVIDE (__fini_array_end = .)
                0x08001710                        . = ALIGN (0x4)
                0x08001710                        _sidata = LOADADDR (.data)

.rel.dyn        0x08001710        0x0
 .rel.iplt      0x08001710        0x0 F:/STM32CubeIDE_1.19.0/STM32CubeIDE/plugins/com.st.stm32cube.ide.mcu.externaltools.gnu-tools-for-stm32.13.3.rel1.win32_1.0.0.202411081344/tools/bin/../lib/gcc/arm-none-eabi/13.3.1/thumb/v7e-m+fp/hard/crtbegin.o

.data           0x20000000        0x0 load address 0x08001710
                0x20000000                        . = ALIGN (0x4)
                0x20000000                        _sdata = .
 *(.data)
 *(.data*)
 *(.RamFunc)
 *(.RamFunc*)
                0x20000000                        . = ALIGN (0x4)
                0x20000000                        _edata = .

.igot.plt       0x20000000        0x0 load address 0x08001710
 .igot.plt      0x20000000        0x0 F:/STM32CubeIDE_1.19.0/STM32CubeIDE/plugins/com.st.stm32cube.ide.mcu.externaltools.gnu-tools-for-stm32.13.3.rel1.win32_1.0.0.202411081344/tools/bin/../lib/gcc/arm-none-eabi/13.3.1/thumb/v7e-m+fp/hard/crtbegin.o
                0x20000000                        . = ALIGN (0x4)

.bss            0x20000000     0x3e80 load address 0x08001710
                0x20000000                        _sbss = .
                0x20000000                        __bss_start__ = _sbss
 *(.bss)
 .bss           0x20000000       0x1c F:/STM32CubeIDE_1.19.0/STM32CubeIDE/plugins/com.st.stm32cube.ide.mcu.externaltools.gnu-tools-for-stm32.13.3.rel1.win32_1.0.0.202411081344/tools/bin/../lib/gcc/arm-none-eabi/13.3.1/thumb/v7e-m+fp/hard/crtbegin.o
 *(.bss*)
 .bss.windowBuffer
                0x2000001c     0x1e00 ./Src/myGFX.o
 .bss.localBuffer
                0x20001e1c       0x80 ./Src/myGFX.o
                0x20001e1c                localBuffer
 .bss.windowBuffer
                0x20001e9c     0x1e00 ./Src/sbc_lcd01.o
 .bss.lineBuffer
                0x20003c9c      0x1e0 ./Src/sbc_lcd01.o
 .bss.systick_ms
                0x20003e7c        0x4 ./Src/systick.o
                0x20003e7c                systick_ms
 *(COMMON)
                0x20003e80                        . = ALIGN (0x4)
                0x20003e80                        _ebss = .
                0x20003e80                        __bss_end__ = _ebss

._user_heap_stack
                0x20003e80      0x600 load address 0x08001710
                0x20003e80                        . = ALIGN (0x8)
                [!provide]                        PROVIDE (end = .)
                0x20003e80                        PROVIDE (_end = .)
                0x20004080                        . = (. + _Min_Heap_Size)
 *fill*         0x20003e80      0x200 
                0x20004480                        . = (. + _Min_Stack_Size)
 *fill*         0x20004080      0x400 
                0x20004480                        . = ALIGN (0x8)

/DISCARD/
 libc.a(*)
 libm.a(*)
 libgcc.a(*)

.ARM.attributes
                0x00000000       0x30
 *(.ARM.attributes)
 .ARM.attributes
                0x00000000       0x22 F:/STM32CubeIDE_1.19.0/STM32CubeIDE/plugins/com.st.stm32cube.ide.mcu.externaltools.gnu-tools-for-stm32.13.3.rel1.win32_1.0.0.202411081344/tools/bin/../lib/gcc/arm-none-eabi/13.3.1/thumb/v7e-m+fp/hard/crti.o
 .ARM.attributes
                0x00000022       0x34 F:/STM32CubeIDE_1.19.0/STM32CubeIDE/plugins/com.st.stm32cube.ide.mcu.externaltools.gnu-tools-for-stm32.13.3.rel1.win32_1.0.0.202411081344/tools/bin/../lib/gcc/arm-none-eabi/13.3.1/thumb/v7e-m+fp/hard/crtbegin.o
 .ARM.attributes
                0x00000056       0x34 ./Src/exti.o
 .ARM.attributes
                0x0000008a       0x34 ./Src/gpio.o
 .ARM.attributes
                0x000000be       0x34 ./Src/main.o
 .ARM.attributes
                0x000000f2       0x34 ./Src/myGFX.o
 .ARM.attributes
                0x00000126       0x34 ./Src/sbc_lcd01.o
 .ARM.attributes
                0x0000015a       0x34 ./Src/spi.o
 .ARM.attributes
                0x0000018e       0x34 ./Src/spi_dma.o
 .ARM.attributes
                0x000001c2       0x34 ./Src/systick.o
 .ARM.attributes
                0x000001f6       0x21 ./Startup/startup_stm32f411retx.o
 .ARM.attributes
                0x00000217       0x34 F:/STM32CubeIDE_1.19.0/STM32CubeIDE/plugins/com.st.stm32cube.ide.mcu.externaltools.gnu-tools-for-stm32.13.3.rel1.win32_1.0.0.202411081344/tools/bin/../lib/gcc/arm-none-eabi/13.3.1/../../../../arm-none-eabi/lib/thumb/v7e-m+fp/hard\libc_nano.a(libc_a-init.o)
 .ARM.attributes
                0x0000024b       0x22 F:/STM32CubeIDE_1.19.0/STM32CubeIDE/plugins/com.st.stm32cube.ide.mcu.externaltools.gnu-tools-for-stm32.13.3.rel1.win32_1.0.0.202411081344/tools/bin/../lib/gcc/arm-none-eabi/13.3.1/thumb/v7e-m+fp/hard\libgcc.a(_arm_addsubdf3.o)
 .ARM.attributes
                0x0000026d       0x22 F:/STM32CubeIDE_1.19.0/STM32CubeIDE/plugins/com.st.stm32cube.ide.mcu.externaltools.gnu-tools-for-stm32.13.3.rel1.win32_1.0.0.202411081344/tools/bin/../lib/gcc/arm-none-eabi/13.3.1/thumb/v7e-m+fp/hard\libgcc.a(_arm_fixunsdfsi.o)
 .ARM.attributes
                0x0000028f       0x22 F:/STM32CubeIDE_1.19.0/STM32CubeIDE/plugins/com.st.stm32cube.ide.mcu.externaltools.gnu-tools-for-stm32.13.3.rel1.win32_1.0.0.202411081344/tools/bin/../lib/gcc/arm-none-eabi/13.3.1/thumb/v7e-m+fp/hard/crtn.o
OUTPUT(02012026_SBC_LCD01-F411.elf elf32-littlearm)
LOAD linker stubs
LOAD F:/STM32CubeIDE_1.19.0/STM32CubeIDE/plugins/com.st.stm32cube.ide.mcu.externaltools.gnu-tools-for-stm32.13.3.rel1.win32_1.0.0.202411081344/tools/bin/../lib/gcc/arm-none-eabi/13.3.1/../../../../arm-none-eabi/lib/thumb/v7e-m+fp/hard\libc.a
LOAD F:/STM32CubeIDE_1.19.0/STM32CubeIDE/plugins/com.st.stm32cube.ide.mcu.externaltools.gnu-tools-for-stm32.13.3.rel1.win32_1.0.0.202411081344/tools/bin/../lib/gcc/arm-none-eabi/13.3.1/../../../../arm-none-eabi/lib/thumb/v7e-m+fp/hard\libm.a
LOAD F:/STM32CubeIDE_1.19.0/STM32CubeIDE/plugins/com.st.stm32cube.ide.mcu.externaltools.gnu-tools-for-stm32.13.3.rel1.win32_1.0.0.202411081344/tools/bin/../lib/gcc/arm-none-eabi/13.3.1/thumb/v7e-m+fp/hard\libgcc.a

.debug_info     0x00000000     0x218b
 .debug_info    0x00000000      0x6dc ./Src/exti.o
 .debug_info    0x000006dc      0x363 ./Src/gpio.o
 .debug_info    0x00000a3f      0x226 ./Src/main.o
 .debug_info    0x00000c65      0x3c4 ./Src/myGFX.o
 .debug_info    0x00001029      0x599 ./Src/sbc_lcd01.o
 .debug_info    0x000015c2      0x51c ./Src/spi.o
 .debug_info    0x00001ade      0x44f ./Src/spi_dma.o
 .debug_info    0x00001f2d      0x22e ./Src/systick.o
 .debug_info    0x0000215b       0x30 ./Startup/startup_stm32f411retx.o

.debug_abbrev   0x00000000      0xabc
 .debug_abbrev  0x00000000      0x1b3 ./Src/exti.o
 .debug_abbrev  0x000001b3       0xd2 ./Src/gpio.o
 .debug_abbrev  0x00000285      0x10d ./Src/main.o
 .debug_abbrev  0x00000392      0x14b ./Src/myGFX.o
 .debug_abbrev  0x000004dd      0x1ef ./Src/sbc_lcd01.o
 .debug_abbrev  0x000006cc      0x123 ./Src/spi.o
 .debug_abbrev  0x000007ef      0x159 ./Src/spi_dma.o
 .debug_abbrev  0x00000948      0x150 ./Src/systick.o
 .debug_abbrev  0x00000a98       0x24 ./Startup/startup_stm32f411retx.o

.debug_aranges  0x00000000      0x238
 .debug_aranges
                0x00000000       0x30 ./Src/exti.o
 .debug_aranges
                0x00000030       0x58 ./Src/gpio.o
 .debug_aranges
                0x00000088       0x20 ./Src/main.o
 .debug_aranges
                0x000000a8       0x30 ./Src/myGFX.o
 .debug_aranges
                0x000000d8       0x80 ./Src/sbc_lcd01.o
 .debug_aranges
                0x00000158       0x58 ./Src/spi.o
 .debug_aranges
                0x000001b0       0x28 ./Src/spi_dma.o
 .debug_aranges
                0x000001d8       0x38 ./Src/systick.o
 .debug_aranges
                0x00000210       0x28 ./Startup/startup_stm32f411retx.o

.debug_rnglists
                0x00000000      0x192
 .debug_rnglists
                0x00000000       0x1f ./Src/exti.o
 .debug_rnglists
                0x0000001f       0x3d ./Src/gpio.o
 .debug_rnglists
                0x0000005c       0x14 ./Src/main.o
 .debug_rnglists
                0x00000070       0x2c ./Src/myGFX.o
 .debug_rnglists
                0x0000009c       0x5e ./Src/sbc_lcd01.o
 .debug_rnglists
                0x000000fa       0x3f ./Src/spi.o
 .debug_rnglists
                0x00000139       0x1b ./Src/spi_dma.o
 .debug_rnglists
                0x00000154       0x25 ./Src/systick.o
 .debug_rnglists
                0x00000179       0x19 ./Startup/startup_stm32f411retx.o

.debug_macro    0x00000000     0xf81d
 .debug_macro   0x00000000       0xea ./Src/exti.o
 .debug_macro   0x000000ea      0xaf6 ./Src/exti.o
 .debug_macro   0x00000be0       0x22 ./Src/exti.o
 .debug_macro   0x00000c02       0x8e ./Src/exti.o
 .debug_macro   0x00000c90       0x51 ./Src/exti.o
 .debug_macro   0x00000ce1      0x103 ./Src/exti.o
 .debug_macro   0x00000de4       0x6a ./Src/exti.o
 .debug_macro   0x00000e4e      0x1df ./Src/exti.o
 .debug_macro   0x0000102d       0x28 ./Src/exti.o
 .debug_macro   0x00001055       0x28 ./Src/exti.o
 .debug_macro   0x0000107d       0x1c ./Src/exti.o
 .debug_macro   0x00001099       0x22 ./Src/exti.o
 .debug_macro   0x000010bb       0xfb ./Src/exti.o
 .debug_macro   0x000011b6     0x1011 ./Src/exti.o
 .debug_macro   0x000021c7      0x11f ./Src/exti.o
 .debug_macro   0x000022e6     0xb953 ./Src/exti.o
 .debug_macro   0x0000dc39       0x6d ./Src/exti.o
 .debug_macro   0x0000dca6      0x10b ./Src/gpio.o
 .debug_macro   0x0000ddb1       0x22 ./Src/gpio.o
 .debug_macro   0x0000ddd3      0x222 ./Src/main.o
 .debug_macro   0x0000dff5       0x28 ./Src/main.o
 .debug_macro   0x0000e01d       0x61 ./Src/main.o
 .debug_macro   0x0000e07e       0x2a ./Src/main.o
 .debug_macro   0x0000e0a8       0x43 ./Src/main.o
 .debug_macro   0x0000e0eb       0x34 ./Src/main.o
 .debug_macro   0x0000e11f       0x16 ./Src/main.o
 .debug_macro   0x0000e135       0x9e ./Src/main.o
 .debug_macro   0x0000e1d3      0x370 ./Src/main.o
 .debug_macro   0x0000e543      0x112 ./Src/main.o
 .debug_macro   0x0000e655       0x10 ./Src/main.o
 .debug_macro   0x0000e665       0x16 ./Src/main.o
 .debug_macro   0x0000e67b       0x4a ./Src/main.o
 .debug_macro   0x0000e6c5       0x34 ./Src/main.o
 .debug_macro   0x0000e6f9       0x10 ./Src/main.o
 .debug_macro   0x0000e709       0x58 ./Src/main.o
 .debug_macro   0x0000e761       0x8e ./Src/main.o
 .debug_macro   0x0000e7ef       0x1c ./Src/main.o
 .debug_macro   0x0000e80b      0x185 ./Src/main.o
 .debug_macro   0x0000e990       0x16 ./Src/main.o
 .debug_macro   0x0000e9a6       0x16 ./Src/main.o
 .debug_macro   0x0000e9bc      0x146 ./Src/main.o
 .debug_macro   0x0000eb02      0x19b ./Src/main.o
 .debug_macro   0x0000ec9d       0x10 ./Src/main.o
 .debug_macro   0x0000ecad       0x9a ./Src/main.o
 .debug_macro   0x0000ed47      0x228 ./Src/myGFX.o
 .debug_macro   0x0000ef6f      0x21e ./Src/sbc_lcd01.o
 .debug_macro   0x0000f18d      0x216 ./Src/spi.o
 .debug_macro   0x0000f3a3      0x24a ./Src/spi_dma.o
 .debug_macro   0x0000f5ed      0x230 ./Src/systick.o

.debug_line     0x00000000     0x3ecc
 .debug_line    0x00000000      0x5ce ./Src/exti.o
 .debug_line    0x000005ce      0x640 ./Src/gpio.o
 .debug_line    0x00000c0e      0x70c ./Src/main.o
 .debug_line    0x0000131a      0x7f3 ./Src/myGFX.o
 .debug_line    0x00001b0d      0x97a ./Src/sbc_lcd01.o
 .debug_line    0x00002487      0xa07 ./Src/spi.o
 .debug_line    0x00002e8e      0x7ed ./Src/spi_dma.o
 .debug_line    0x0000367b      0x7d6 ./Src/systick.o
 .debug_line    0x00003e51       0x7b ./Startup/startup_stm32f411retx.o

.debug_str      0x00000000    0x54db2
 .debug_str     0x00000000    0x54db2 ./Src/exti.o
                              0x503e8 (size before relaxing)
 .debug_str     0x00054db2    0x50050 ./Src/gpio.o
 .debug_str     0x00054db2    0x54518 ./Src/main.o
 .debug_str     0x00054db2    0x5456c ./Src/myGFX.o
 .debug_str     0x00054db2    0x546bd ./Src/sbc_lcd01.o
 .debug_str     0x00054db2    0x5467e ./Src/spi.o
 .debug_str     0x00054db2    0x546fa ./Src/spi_dma.o
 .debug_str     0x00054db2    0x5458a ./Src/systick.o
 .debug_str     0x00054db2       0x8a ./Startup/startup_stm32f411retx.o

.comment        0x00000000       0x43
 .comment       0x00000000       0x43 ./Src/exti.o
                                 0x44 (size before relaxing)
 .comment       0x00000043       0x44 ./Src/gpio.o
 .comment       0x00000043       0x44 ./Src/main.o
 .comment       0x00000043       0x44 ./Src/myGFX.o
 .comment       0x00000043       0x44 ./Src/sbc_lcd01.o
 .comment       0x00000043       0x44 ./Src/spi.o
 .comment       0x00000043       0x44 ./Src/spi_dma.o
 .comment       0x00000043       0x44 ./Src/systick.o

.debug_frame    0x00000000      0x72c
 .debug_frame   0x00000000       0x74 ./Src/exti.o
 .debug_frame   0x00000074      0x110 ./Src/gpio.o
 .debug_frame   0x00000184       0x30 ./Src/main.o
 .debug_frame   0x000001b4       0x88 ./Src/myGFX.o
 .debug_frame   0x0000023c      0x1d0 ./Src/sbc_lcd01.o
 .debug_frame   0x0000040c      0x128 ./Src/spi.o
 .debug_frame   0x00000534       0x5c ./Src/spi_dma.o
 .debug_frame   0x00000590       0xa0 ./Src/systick.o
 .debug_frame   0x00000630       0x2c F:/STM32CubeIDE_1.19.0/STM32CubeIDE/plugins/com.st.stm32cube.ide.mcu.externaltools.gnu-tools-for-stm32.13.3.rel1.win32_1.0.0.202411081344/tools/bin/../lib/gcc/arm-none-eabi/13.3.1/../../../../arm-none-eabi/lib/thumb/v7e-m+fp/hard\libc_nano.a(libc_a-init.o)
 .debug_frame   0x0000065c       0xac F:/STM32CubeIDE_1.19.0/STM32CubeIDE/plugins/com.st.stm32cube.ide.mcu.externaltools.gnu-tools-for-stm32.13.3.rel1.win32_1.0.0.202411081344/tools/bin/../lib/gcc/arm-none-eabi/13.3.1/thumb/v7e-m+fp/hard\libgcc.a(_arm_addsubdf3.o)
 .debug_frame   0x00000708       0x24 F:/STM32CubeIDE_1.19.0/STM32CubeIDE/plugins/com.st.stm32cube.ide.mcu.externaltools.gnu-tools-for-stm32.13.3.rel1.win32_1.0.0.202411081344/tools/bin/../lib/gcc/arm-none-eabi/13.3.1/thumb/v7e-m+fp/hard\libgcc.a(_arm_fixunsdfsi.o)

.debug_line_str
                0x00000000       0x6e
 .debug_line_str
                0x00000000       0x6e ./Startup/startup_stm32f411retx.o
