../Src/sbc_lcd01.c:21:6:sendCommand	16	static
../Src/sbc_lcd01.c:37:6:sendCommand16	16	static
../Src/sbc_lcd01.c:51:6:sbc_lcd01_init	16	static
../Src/sbc_lcd01.c:68:6:displayInit	24	static
../Src/sbc_lcd01.c:92:6:fullScreenColor	24	static
../Src/sbc_lcd01.c:106:6:fillRectangle	24	static
../Src/sbc_lcd01.c:118:6:initAdressWindow	32	static
../Src/sbc_lcd01.c:128:6:testScreen_16	24	static
../Src/sbc_lcd01.c:162:6:displayReset	8	static
../Src/sbc_lcd01.c:169:6:cs_enable	4	static
../Src/sbc_lcd01.c:175:6:cs_disable	4	static
../Src/sbc_lcd01.c:180:6:tft_dc_low	4	static
../Src/sbc_lcd01.c:183:6:tft_dc_high	4	static
