../Src/sbc_lcd01.c:20:6:sendCommand	16	static
../Src/sbc_lcd01.c:34:6:sendCommand16	16	static
../Src/sbc_lcd01.c:48:6:sbc_lcd01_init	16	static
../Src/sbc_lcd01.c:65:6:displayInit	24	static
../Src/sbc_lcd01.c:89:6:fullScreenColor	24	static
../Src/sbc_lcd01.c:103:6:testScreen_16	24	static
../Src/sbc_lcd01.c:137:6:displayReset	8	static
../Src/sbc_lcd01.c:144:6:cs_enable	4	static
../Src/sbc_lcd01.c:150:6:cs_disable	4	static
../Src/sbc_lcd01.c:155:6:tft_dc_low	4	static
../Src/sbc_lcd01.c:158:6:tft_dc_high	4	static
